// Jest Snapshot v1, https://goo.gl/fbAQLP

exports[`BookItem Component renders correctly 1`] = `
<div
  class="col-lg-4 col-md-6 col-sm-8 btn-click"
  data-testid="btn-click"
>
  <div
    class="single-blog mt-30 wow fadeInUpBig"
    data-wow-delay="0.4s"
    data-wow-duration="1s"
  >
    <div
      class="blog-image"
    >
      <a>
        <img
          alt="news"
          src="http://books.google.com/books/content?id=DKcWE3WXoj8C&printsec=frontcover&img=1&zoom=1&edge=curl&imgtk=AFLRE72B5UJgHNPjBlNhjuEpojz1haNfRzQSBz4lIbth_v3rkFm0YARlNEiDDxI-xSreA2QGDKU39PfbCeY8skvSa-IAimVoqHejyu9o31_V6N3wjHLVYxw&source=gbs_api"
        />
      </a>
    </div>
    <div
      class="blog-content"
    >
      <h4
        class="blog-title"
      >
        <a>
          Harry Potter and International Relations
        </a>
      </h4>
      <div
        class="blog-author d-flex align-items-center"
      >
        <div
          class="author-image"
        >
          <img
            alt="author"
            src="author-1.jpg"
          />
        </div>
        <div
          class="author-content media-body"
        >
          <h6
            class="sub-title"
          >
            Daniel H. Nexon
          </h6>
          <p
            class="text"
          >
            2006
          </p>
        </div>
      </div>
    </div>
  </div>
</div>
`;
